export const snapshot = {};

snapshot[`Feed() 1`] = `
{
  feed: [
    {
      "@xmlns": "http://www.w3.org/2005/Atom",
    },
    {
      id: [
        {
          "#text": "https://exmaple.com/feed.xml",
        },
      ],
    },
    {
      link: [
        {
          "@href": "https://exmaple.com/feed.xml",
          "@rel": "self",
          "@type": "application/atom+xml",
        },
      ],
    },
    {
      link: [
        {
          "@href": "https://contents.premium.naver.com/historia9110/historia91",
          "@rel": "alternate",
        },
      ],
    },
    {
      title: [
        {
          "#text": "혁명 읽는 사람",
        },
      ],
    },
    {
      subtitle: [
        {
          "#text": "오늘의 시대에서 혁명을 읽어낸다. 20세기 레닌의 시각과 21세기 우리의 시각을 교차시키는 책읽기. 책서평, 정치비평 및 레닌에 관한 연구 연재.",
        },
      ],
    },
    {
      author: [
        {
          name: [
            {
              "#text": "손민석",
            },
          ],
        },
        {
          email: [
            {
              "#text": "fpdlakstp@naver.com",
            },
          ],
        },
      ],
    },
    {
      updated: [
        {
          "#text": "2023-01-01T15:00:34.903Z",
        },
      ],
    },
    {
      icon: [
        {
          "#text": "https://scs-phinf.pstatic.net/MjAyMjAyMjNfNjcg/MDAxNjQ1NTg3MTcyODM1.nIbCznb-zkIbxNyNomKqbEWws-bboqE4irvcD958b3wg.TFgVzhUbFQAUf_MSjTKjLAdx188eRlLObbKJmMtHhWEg.PNG/image%7Cpremium%7Cchannel%7Chistoria9110%7C2022%7C02%7C23%7C1645587172809.png?type=nfs200_200",
        },
      ],
    },
    {
      logo: [
        {
          "#text": "https://scs-phinf.pstatic.net/MjAyMjAyMjNfMjk4/MDAxNjQ1NTg3NDI3OTA2.allrMN9KTJsBnhWZTngyzyS2MnNDngpifptY0isPwY4g.TXyGHg-Vs3Bxh0VF1a7v8JdAmKEGCxR0QY75Qfx4VH0g.JPEG/image%7Cpremium%7Cchannel%7Chistoria9110%7C2022%7C02%7C23%7C1645587427877.jpg",
        },
      ],
    },
    {
      entry: [
        {
          id: [
            {
              "#text": "https://contents.premium.naver.com/historia9110/historia91/contents/230102000034903in",
            },
          ],
        },
        {
          link: [
            {
              "@href": "https://contents.premium.naver.com/historia9110/historia91/contents/230102000034903in",
              "@rel": "alternate",
            },
          ],
        },
        {
          title: [
            {
              "#text": "구독자 여러분께 드리는 말씀.",
            },
          ],
        },
        {
          published: [
            {
              "#text": "2023-01-01T15:00:34.903Z",
            },
          ],
        },
        {
          updated: [
            {
              "#text": "2023-01-01T15:01:09.350Z",
            },
          ],
        },
        {
          author: [
            {
              name: [
                {
                  "#text": "손민석",
                },
              ],
            },
            {
              email: [
                {
                  "#text": "fpdlakstp@naver.com",
                },
              ],
            },
          ],
        },
        {
          category: [
            {
              "@label": "시평",
              "@scheme": "https://contents.premium.naver.com/historia9110/historia91/contents?categoryId=1800259cf41000g4h",
              "@term": "1800259cf41000g4h",
            },
          ],
        },
        {
          summary: [
            {
              "@type": "html",
            },
            {
              "#text": '<p><a href="https://contents.premium.naver.com/historia9110/historia91/contents/230102000034903in">구독자 여러분께 드리는 말씀.</a></p>',
            },
          ],
        },
      ],
    },
    {
      entry: [
        {
          id: [
            {
              "#text": "https://contents.premium.naver.com/historia9110/historia91/contents/221224143430861kz",
            },
          ],
        },
        {
          link: [
            {
              "@href": "https://contents.premium.naver.com/historia9110/historia91/contents/221224143430861kz",
              "@rel": "alternate",
            },
          ],
        },
        {
          title: [
            {
              "#text": "혁명가 레닌과 반反혁명가 도스토예프스키는 왜 대립하게 되었을까? - 레닌의 도스토예프스키론",
            },
          ],
        },
        {
          published: [
            {
              "#text": "2022-12-24T06:00:00.000Z",
            },
          ],
        },
        {
          updated: [
            {
              "#text": "2022-12-24T06:00:00.000Z",
            },
          ],
        },
        {
          author: [
            {
              name: [
                {
                  "#text": "손민석",
                },
              ],
            },
            {
              email: [
                {
                  "#text": "fpdlakstp@naver.com",
                },
              ],
            },
          ],
        },
        {
          category: [
            {
              "@label": "혁명 읽는 사람",
              "@scheme": "https://contents.premium.naver.com/historia9110/historia91/contents?categoryId=17f256afade00085s",
              "@term": "17f256afade00085s",
            },
          ],
        },
        {
          summary: [
            {
              "@type": "html",
            },
            {
              "#text": '<p><a href="https://contents.premium.naver.com/historia9110/historia91/contents/221224143430861kz">혁명가 레닌과 반反혁명가 도스토예프스키는 왜 대립하게 되었을까? - 레닌의 도스토예프스키론</a></p>',
            },
          ],
        },
      ],
    },
    {
      entry: [
        {
          id: [
            {
              "#text": "https://contents.premium.naver.com/historia9110/historia91/contents/221218224904352ru",
            },
          ],
        },
        {
          link: [
            {
              "@href": "https://contents.premium.naver.com/historia9110/historia91/contents/221218224904352ru",
              "@rel": "alternate",
            },
          ],
        },
        {
          title: [
            {
              "#text": "레닌은 왜 톨스토이는 찬양하면서도 도스토예프스키는 증오했을까? - 레닌의 톨스토이론과 도스토예프스키론",
            },
          ],
        },
        {
          published: [
            {
              "#text": "2022-12-18T13:50:00.000Z",
            },
          ],
        },
        {
          updated: [
            {
              "#text": "2022-12-18T14:04:06.401Z",
            },
          ],
        },
        {
          author: [
            {
              name: [
                {
                  "#text": "손민석",
                },
              ],
            },
            {
              email: [
                {
                  "#text": "fpdlakstp@naver.com",
                },
              ],
            },
          ],
        },
        {
          category: [
            {
              "@label": "혁명 읽는 사람",
              "@scheme": "https://contents.premium.naver.com/historia9110/historia91/contents?categoryId=17f256afade00085s",
              "@term": "17f256afade00085s",
            },
          ],
        },
        {
          summary: [
            {
              "@type": "html",
            },
            {
              "#text": '<p><a href="https://contents.premium.naver.com/historia9110/historia91/contents/221218224904352ru">레닌은 왜 톨스토이는 찬양하면서도 도스토예프스키는 증오했을까? - 레닌의 톨스토이론과 도스토예프스키론</a></p>',
            },
          ],
        },
      ],
    },
    {
      entry: [
        {
          id: [
            {
              "#text": "https://contents.premium.naver.com/historia9110/historia91/contents/221211021341084oj",
            },
          ],
        },
        {
          link: [
            {
              "@href": "https://contents.premium.naver.com/historia9110/historia91/contents/221211021341084oj",
              "@rel": "alternate",
            },
          ],
        },
        {
          title: [
            {
              "#text": "대기업 이전에는 무엇이 있었으며 이후에 무엇이 올 것인가? : 21세기형 세계시장에 관한 소고(小考)",
            },
          ],
        },
        {
          published: [
            {
              "#text": "2022-12-11T00:30:00.000Z",
            },
          ],
        },
        {
          updated: [
            {
              "#text": "2022-12-11T06:42:37.034Z",
            },
          ],
        },
        {
          author: [
            {
              name: [
                {
                  "#text": "손민석",
                },
              ],
            },
            {
              email: [
                {
                  "#text": "fpdlakstp@naver.com",
                },
              ],
            },
          ],
        },
        {
          category: [
            {
              "@label": "시평",
              "@scheme": "https://contents.premium.naver.com/historia9110/historia91/contents?categoryId=1800259cf41000g4h",
              "@term": "1800259cf41000g4h",
            },
          ],
        },
        {
          summary: [
            {
              "@type": "html",
            },
            {
              "#text": '<p><a href="https://contents.premium.naver.com/historia9110/historia91/contents/221211021341084oj">대기업 이전에는 무엇이 있었으며 이후에 무엇이 올 것인가? : 21세기형 세계시장에 관한 소고(小考)</a></p>',
            },
          ],
        },
      ],
    },
    {
      entry: [
        {
          id: [
            {
              "#text": "https://contents.premium.naver.com/historia9110/historia91/contents/221207180042336da",
            },
          ],
        },
        {
          link: [
            {
              "@href": "https://contents.premium.naver.com/historia9110/historia91/contents/221207180042336da",
              "@rel": "alternate",
            },
          ],
        },
        {
          title: [
            {
              "#text": "존경스러운 노학자와의 생산적 대화가 실패한 서글픈 이야기 : 노서경의 <의회의 조레스 당의 조레스 노동자의 조레스> 저자와의 대화 후기",
            },
          ],
        },
        {
          published: [
            {
              "#text": "2022-12-07T09:00:42.336Z",
            },
          ],
        },
        {
          updated: [
            {
              "#text": "2022-12-07T15:26:03.771Z",
            },
          ],
        },
        {
          author: [
            {
              name: [
                {
                  "#text": "손민석",
                },
              ],
            },
            {
              email: [
                {
                  "#text": "fpdlakstp@naver.com",
                },
              ],
            },
          ],
        },
        {
          category: [
            {
              "@label": "서평글 모음",
              "@scheme": "https://contents.premium.naver.com/historia9110/historia91/contents?categoryId=17feaa9cec5000qlg",
              "@term": "17feaa9cec5000qlg",
            },
          ],
        },
        {
          summary: [
            {
              "@type": "html",
            },
            {
              "#text": '<p><a href="https://contents.premium.naver.com/historia9110/historia91/contents/221207180042336da">존경스러운 노학자와의 생산적 대화가 실패한 서글픈 이야기 : 노서경의 &lt;의회의 조레스 당의 조레스 노동자의 조레스&gt; 저자와의 대화 후기</a></p>',
            },
          ],
        },
      ],
    },
    {
      entry: [
        {
          id: [
            {
              "#text": "https://contents.premium.naver.com/historia9110/historia91/contents/221202223341502vf",
            },
          ],
        },
        {
          link: [
            {
              "@href": "https://contents.premium.naver.com/historia9110/historia91/contents/221202223341502vf",
              "@rel": "alternate",
            },
          ],
        },
        {
          title: [
            {
              "#text": "스탈린의 대숙청과 같은 재난이 닥쳤을 때 혁명가는 어떻게 대응해야 하는가? - 재난을 대하는 혁명가의 태도에 관하여 : 아서 쾨슬러의 <한낮의 어둠>에 관한 비평",
            },
          ],
        },
        {
          published: [
            {
              "#text": "2022-12-02T13:33:41.502Z",
            },
          ],
        },
        {
          updated: [
            {
              "#text": "2022-12-02T13:33:41.502Z",
            },
          ],
        },
        {
          author: [
            {
              name: [
                {
                  "#text": "손민석",
                },
              ],
            },
            {
              email: [
                {
                  "#text": "fpdlakstp@naver.com",
                },
              ],
            },
          ],
        },
        {
          category: [
            {
              "@label": "서평글 모음",
              "@scheme": "https://contents.premium.naver.com/historia9110/historia91/contents?categoryId=17feaa9cec5000qlg",
              "@term": "17feaa9cec5000qlg",
            },
          ],
        },
        {
          summary: [
            {
              "@type": "html",
            },
            {
              "#text": '<p><a href="https://contents.premium.naver.com/historia9110/historia91/contents/221202223341502vf">스탈린의 대숙청과 같은 재난이 닥쳤을 때 혁명가는 어떻게 대응해야 하는가? - 재난을 대하는 혁명가의 태도에 관하여 : 아서 쾨슬러의 &lt;한낮의 어둠&gt;에 관한 비평</a></p>',
            },
          ],
        },
      ],
    },
    {
      entry: [
        {
          id: [
            {
              "#text": "https://contents.premium.naver.com/historia9110/historia91/contents/221127022700546qm",
            },
          ],
        },
        {
          link: [
            {
              "@href": "https://contents.premium.naver.com/historia9110/historia91/contents/221127022700546qm",
              "@rel": "alternate",
            },
          ],
        },
        {
          title: [
            {
              "#text": "'제국주의' 조선왕조의 청나라 침공기 :  김형종의 <1880년대 조선-청 공동감계와 국경회담의 연구>(서울대학교출판문화원, 2018)에 관한 짤막한 서평",
            },
          ],
        },
        {
          published: [
            {
              "#text": "2022-11-27T00:00:00.000Z",
            },
          ],
        },
        {
          updated: [
            {
              "#text": "2022-11-27T00:00:00.000Z",
            },
          ],
        },
        {
          author: [
            {
              name: [
                {
                  "#text": "손민석",
                },
              ],
            },
            {
              email: [
                {
                  "#text": "fpdlakstp@naver.com",
                },
              ],
            },
          ],
        },
        {
          category: [
            {
              "@label": "서평글 모음",
              "@scheme": "https://contents.premium.naver.com/historia9110/historia91/contents?categoryId=17feaa9cec5000qlg",
              "@term": "17feaa9cec5000qlg",
            },
          ],
        },
        {
          summary: [
            {
              "@type": "html",
            },
            {
              "#text": \`<p><a href="https://contents.premium.naver.com/historia9110/historia91/contents/221127022700546qm">'제국주의' 조선왕조의 청나라 침공기 :  김형종의 &lt;1880년대 조선-청 공동감계와 국경회담의 연구&gt;(서울대학교출판문화원, 2018)에 관한 짤막한 서평</a></p>\`,
            },
          ],
        },
      ],
    },
    {
      entry: [
        {
          id: [
            {
              "#text": "https://contents.premium.naver.com/historia9110/historia91/contents/221120210509576ds",
            },
          ],
        },
        {
          link: [
            {
              "@href": "https://contents.premium.naver.com/historia9110/historia91/contents/221120210509576ds",
              "@rel": "alternate",
            },
          ],
        },
        {
          title: [
            {
              "#text": "한국 능력주의를 극복하기 위해서는 특권의 타파가 필요하다? 아니다! 오히려 더 많은 특권이 필요하다! - 박권일의 <한국의 능력주의> 비판 2부",
            },
          ],
        },
        {
          published: [
            {
              "#text": "2022-11-20T12:10:00.000Z",
            },
          ],
        },
        {
          updated: [
            {
              "#text": "2022-11-20T14:56:47.505Z",
            },
          ],
        },
        {
          author: [
            {
              name: [
                {
                  "#text": "손민석",
                },
              ],
            },
            {
              email: [
                {
                  "#text": "fpdlakstp@naver.com",
                },
              ],
            },
          ],
        },
        {
          category: [
            {
              "@label": "서평글 모음",
              "@scheme": "https://contents.premium.naver.com/historia9110/historia91/contents?categoryId=17feaa9cec5000qlg",
              "@term": "17feaa9cec5000qlg",
            },
          ],
        },
        {
          summary: [
            {
              "@type": "html",
            },
            {
              "#text": '<p><a href="https://contents.premium.naver.com/historia9110/historia91/contents/221120210509576ds">한국 능력주의를 극복하기 위해서는 특권의 타파가 필요하다? 아니다! 오히려 더 많은 특권이 필요하다! - 박권일의 &lt;한국의 능력주의&gt; 비판 2부</a></p>',
            },
          ],
        },
      ],
    },
    {
      entry: [
        {
          id: [
            {
              "#text": "https://contents.premium.naver.com/historia9110/historia91/contents/221111181019422ks",
            },
          ],
        },
        {
          link: [
            {
              "@href": "https://contents.premium.naver.com/historia9110/historia91/contents/221111181019422ks",
              "@rel": "alternate",
            },
          ],
        },
        {
          title: [
            {
              "#text": "한국 능력주의를 극복하기 위해서는 특권의 타파가 필요하다? 아니다! 오히려 더 많은 특권이 필요하다! - 박권일의 <한국의 능력주의> 비판 1부",
            },
          ],
        },
        {
          published: [
            {
              "#text": "2022-11-11T09:10:19.422Z",
            },
          ],
        },
        {
          updated: [
            {
              "#text": "2022-11-11T09:10:19.422Z",
            },
          ],
        },
        {
          author: [
            {
              name: [
                {
                  "#text": "손민석",
                },
              ],
            },
            {
              email: [
                {
                  "#text": "fpdlakstp@naver.com",
                },
              ],
            },
          ],
        },
        {
          category: [
            {
              "@label": "서평글 모음",
              "@scheme": "https://contents.premium.naver.com/historia9110/historia91/contents?categoryId=17feaa9cec5000qlg",
              "@term": "17feaa9cec5000qlg",
            },
          ],
        },
        {
          summary: [
            {
              "@type": "html",
            },
            {
              "#text": '<p><a href="https://contents.premium.naver.com/historia9110/historia91/contents/221111181019422ks">한국 능력주의를 극복하기 위해서는 특권의 타파가 필요하다? 아니다! 오히려 더 많은 특권이 필요하다! - 박권일의 &lt;한국의 능력주의&gt; 비판 1부</a></p>',
            },
          ],
        },
      ],
    },
    {
      entry: [
        {
          id: [
            {
              "#text": "https://contents.premium.naver.com/historia9110/historia91/contents/221111002353741xe",
            },
          ],
        },
        {
          link: [
            {
              "@href": "https://contents.premium.naver.com/historia9110/historia91/contents/221111002353741xe",
              "@rel": "alternate",
            },
          ],
        },
        {
          title: [
            {
              "#text": "블랙팬서 2 와칸다 포에버 후기 : 미제국주의자들의 공포를 형상화한 매우 불쾌한 영화",
            },
          ],
        },
        {
          published: [
            {
              "#text": "2022-11-10T15:30:00.000Z",
            },
          ],
        },
        {
          updated: [
            {
              "#text": "2022-11-10T15:30:00.000Z",
            },
          ],
        },
        {
          author: [
            {
              name: [
                {
                  "#text": "손민석",
                },
              ],
            },
            {
              email: [
                {
                  "#text": "fpdlakstp@naver.com",
                },
              ],
            },
          ],
        },
        {
          category: [
            {
              "@label": "영화후기",
              "@scheme": "https://contents.premium.naver.com/historia9110/historia91/contents?categoryId=1825ce06e90000ugd",
              "@term": "1825ce06e90000ugd",
            },
          ],
        },
        {
          summary: [
            {
              "@type": "html",
            },
            {
              "#text": '<p><a href="https://contents.premium.naver.com/historia9110/historia91/contents/221111002353741xe">블랙팬서 2 와칸다 포에버 후기 : 미제국주의자들의 공포를 형상화한 매우 불쾌한 영화</a></p>',
            },
          ],
        },
      ],
    },
    {
      entry: [
        {
          id: [
            {
              "#text": "https://contents.premium.naver.com/historia9110/historia91/contents/221030232005444mw",
            },
          ],
        },
        {
          link: [
            {
              "@href": "https://contents.premium.naver.com/historia9110/historia91/contents/221030232005444mw",
              "@rel": "alternate",
            },
          ],
        },
        {
          title: [
            {
              "#text": "19세기의 중국은 왜 유럽에게 밀렸을까? - 홍성화의 신간에 대한 조금 이른 서평",
            },
          ],
        },
        {
          published: [
            {
              "#text": "2022-10-30T14:20:00.000Z",
            },
          ],
        },
        {
          updated: [
            {
              "#text": "2022-10-30T14:24:56.995Z",
            },
          ],
        },
        {
          author: [
            {
              name: [
                {
                  "#text": "손민석",
                },
              ],
            },
            {
              email: [
                {
                  "#text": "fpdlakstp@naver.com",
                },
              ],
            },
          ],
        },
        {
          category: [
            {
              "@label": "서평글 모음",
              "@scheme": "https://contents.premium.naver.com/historia9110/historia91/contents?categoryId=17feaa9cec5000qlg",
              "@term": "17feaa9cec5000qlg",
            },
          ],
        },
        {
          summary: [
            {
              "@type": "html",
            },
            {
              "#text": '<p><a href="https://contents.premium.naver.com/historia9110/historia91/contents/221030232005444mw">19세기의 중국은 왜 유럽에게 밀렸을까? - 홍성화의 신간에 대한 조금 이른 서평</a></p>',
            },
          ],
        },
      ],
    },
    {
      entry: [
        {
          id: [
            {
              "#text": "https://contents.premium.naver.com/historia9110/historia91/contents/221023202400504kv",
            },
          ],
        },
        {
          link: [
            {
              "@href": "https://contents.premium.naver.com/historia9110/historia91/contents/221023202400504kv",
              "@rel": "alternate",
            },
          ],
        },
        {
          title: [
            {
              "#text": "중국공산당 제20차 당대회에 관한 짧은 평 : 집단지도체제의 형해화와 시진핑 체제의 전망",
            },
          ],
        },
        {
          published: [
            {
              "#text": "2022-10-23T11:30:00.000Z",
            },
          ],
        },
        {
          updated: [
            {
              "#text": "2022-10-23T11:30:00.000Z",
            },
          ],
        },
        {
          author: [
            {
              name: [
                {
                  "#text": "손민석",
                },
              ],
            },
            {
              email: [
                {
                  "#text": "fpdlakstp@naver.com",
                },
              ],
            },
          ],
        },
        {
          category: [
            {
              "@label": "시평",
              "@scheme": "https://contents.premium.naver.com/historia9110/historia91/contents?categoryId=1800259cf41000g4h",
              "@term": "1800259cf41000g4h",
            },
          ],
        },
        {
          summary: [
            {
              "@type": "html",
            },
            {
              "#text": '<p><a href="https://contents.premium.naver.com/historia9110/historia91/contents/221023202400504kv">중국공산당 제20차 당대회에 관한 짧은 평 : 집단지도체제의 형해화와 시진핑 체제의 전망</a></p>',
            },
          ],
        },
      ],
    },
    {
      entry: [
        {
          id: [
            {
              "#text": "https://contents.premium.naver.com/historia9110/historia91/contents/221010015626419hq",
            },
          ],
        },
        {
          link: [
            {
              "@href": "https://contents.premium.naver.com/historia9110/historia91/contents/221010015626419hq",
              "@rel": "alternate",
            },
          ],
        },
        {
          title: [
            {
              "#text": "마오쩌둥의 대약진운동과 문화대혁명이라는 정치적 광기(狂氣)가 사실은 합리적인 의도를 지닌 정책이었다고? - <마오쩌둥과 덩샤오핑의 백년대계> 서평",
            },
          ],
        },
        {
          published: [
            {
              "#text": "2022-10-09T23:00:00.000Z",
            },
          ],
        },
        {
          updated: [
            {
              "#text": "2022-10-11T08:02:55.047Z",
            },
          ],
        },
        {
          author: [
            {
              name: [
                {
                  "#text": "손민석",
                },
              ],
            },
            {
              email: [
                {
                  "#text": "fpdlakstp@naver.com",
                },
              ],
            },
          ],
        },
        {
          category: [
            {
              "@label": "서평글 모음",
              "@scheme": "https://contents.premium.naver.com/historia9110/historia91/contents?categoryId=17feaa9cec5000qlg",
              "@term": "17feaa9cec5000qlg",
            },
          ],
        },
        {
          summary: [
            {
              "@type": "html",
            },
            {
              "#text": '<p><a href="https://contents.premium.naver.com/historia9110/historia91/contents/221010015626419hq">마오쩌둥의 대약진운동과 문화대혁명이라는 정치적 광기(狂氣)가 사실은 합리적인 의도를 지닌 정책이었다고? - &lt;마오쩌둥과 덩샤오핑의 백년대계&gt; 서평</a></p>',
            },
          ],
        },
      ],
    },
    {
      entry: [
        {
          id: [
            {
              "#text": "https://contents.premium.naver.com/historia9110/historia91/contents/220930212350140ri",
            },
          ],
        },
        {
          link: [
            {
              "@href": "https://contents.premium.naver.com/historia9110/historia91/contents/220930212350140ri",
              "@rel": "alternate",
            },
          ],
        },
        {
          title: [
            {
              "#text": "곧 출간될 '마르크스와 엥겔스의 근대사회론(가제)'의 서론",
            },
          ],
        },
        {
          published: [
            {
              "#text": "2022-09-30T12:30:00.000Z",
            },
          ],
        },
        {
          updated: [
            {
              "#text": "2022-09-30T12:30:00.000Z",
            },
          ],
        },
        {
          author: [
            {
              name: [
                {
                  "#text": "손민석",
                },
              ],
            },
            {
              email: [
                {
                  "#text": "fpdlakstp@naver.com",
                },
              ],
            },
          ],
        },
        {
          category: [
            {
              "@label": "혁명 읽는 사람",
              "@scheme": "https://contents.premium.naver.com/historia9110/historia91/contents?categoryId=17f256afade00085s",
              "@term": "17f256afade00085s",
            },
          ],
        },
        {
          summary: [
            {
              "@type": "html",
            },
            {
              "#text": \`<p><a href="https://contents.premium.naver.com/historia9110/historia91/contents/220930212350140ri">곧 출간될 '마르크스와 엥겔스의 근대사회론(가제)'의 서론</a></p>\`,
            },
          ],
        },
      ],
    },
    {
      entry: [
        {
          id: [
            {
              "#text": "https://contents.premium.naver.com/historia9110/historia91/contents/220925215545080cc",
            },
          ],
        },
        {
          link: [
            {
              "@href": "https://contents.premium.naver.com/historia9110/historia91/contents/220925215545080cc",
              "@rel": "alternate",
            },
          ],
        },
        {
          title: [
            {
              "#text": "공지사항! 필독!",
            },
          ],
        },
        {
          published: [
            {
              "#text": "2022-09-25T13:00:00.000Z",
            },
          ],
        },
        {
          updated: [
            {
              "#text": "2022-09-25T13:00:00.000Z",
            },
          ],
        },
        {
          author: [
            {
              name: [
                {
                  "#text": "손민석",
                },
              ],
            },
            {
              email: [
                {
                  "#text": "fpdlakstp@naver.com",
                },
              ],
            },
          ],
        },
        {
          category: [
            {
              "@label": "혁명 읽는 사람",
              "@scheme": "https://contents.premium.naver.com/historia9110/historia91/contents?categoryId=17f256afade00085s",
              "@term": "17f256afade00085s",
            },
          ],
        },
        {
          summary: [
            {
              "@type": "html",
            },
            {
              "#text": '<p><a href="https://contents.premium.naver.com/historia9110/historia91/contents/220925215545080cc">공지사항! 필독!</a></p>',
            },
          ],
        },
      ],
    },
    {
      entry: [
        {
          id: [
            {
              "#text": "https://contents.premium.naver.com/historia9110/historia91/contents/220918012748481av",
            },
          ],
        },
        {
          link: [
            {
              "@href": "https://contents.premium.naver.com/historia9110/historia91/contents/220918012748481av",
              "@rel": "alternate",
            },
          ],
        },
        {
          title: [
            {
              "#text": "욕망하는 여성이 이긴다 : 에반게리온 글에 대한 재반론",
            },
          ],
        },
        {
          published: [
            {
              "#text": "2022-09-17T16:30:00.000Z",
            },
          ],
        },
        {
          updated: [
            {
              "#text": "2022-09-17T16:30:00.000Z",
            },
          ],
        },
        {
          author: [
            {
              name: [
                {
                  "#text": "손민석",
                },
              ],
            },
            {
              email: [
                {
                  "#text": "fpdlakstp@naver.com",
                },
              ],
            },
          ],
        },
        {
          category: [
            {
              "@label": "영화후기",
              "@scheme": "https://contents.premium.naver.com/historia9110/historia91/contents?categoryId=1825ce06e90000ugd",
              "@term": "1825ce06e90000ugd",
            },
          ],
        },
        {
          summary: [
            {
              "@type": "html",
            },
            {
              "#text": '<p><a href="https://contents.premium.naver.com/historia9110/historia91/contents/220918012748481av">욕망하는 여성이 이긴다 : 에반게리온 글에 대한 재반론</a></p>',
            },
          ],
        },
      ],
    },
    {
      entry: [
        {
          id: [
            {
              "#text": "https://contents.premium.naver.com/historia9110/historia91/contents/220916213734320ls",
            },
          ],
        },
        {
          link: [
            {
              "@href": "https://contents.premium.naver.com/historia9110/historia91/contents/220916213734320ls",
              "@rel": "alternate",
            },
          ],
        },
        {
          title: [
            {
              "#text": "마르크스주의자는 우크라이나 전쟁을 어떤 관점에서 접근해야 할까? : 엥겔스의 군사전략과 혁명론",
            },
          ],
        },
        {
          published: [
            {
              "#text": "2022-09-16T12:40:00.000Z",
            },
          ],
        },
        {
          updated: [
            {
              "#text": "2022-09-16T12:40:00.000Z",
            },
          ],
        },
        {
          author: [
            {
              name: [
                {
                  "#text": "손민석",
                },
              ],
            },
            {
              email: [
                {
                  "#text": "fpdlakstp@naver.com",
                },
              ],
            },
          ],
        },
        {
          category: [
            {
              "@label": "시평",
              "@scheme": "https://contents.premium.naver.com/historia9110/historia91/contents?categoryId=1800259cf41000g4h",
              "@term": "1800259cf41000g4h",
            },
          ],
        },
        {
          summary: [
            {
              "@type": "html",
            },
            {
              "#text": '<p><a href="https://contents.premium.naver.com/historia9110/historia91/contents/220916213734320ls">마르크스주의자는 우크라이나 전쟁을 어떤 관점에서 접근해야 할까? : 엥겔스의 군사전략과 혁명론</a></p>',
            },
          ],
        },
      ],
    },
    {
      entry: [
        {
          id: [
            {
              "#text": "https://contents.premium.naver.com/historia9110/historia91/contents/220916150838997mq",
            },
          ],
        },
        {
          link: [
            {
              "@href": "https://contents.premium.naver.com/historia9110/historia91/contents/220916150838997mq",
              "@rel": "alternate",
            },
          ],
        },
        {
          title: [
            {
              "#text": '"상처는 너를 찌른 그 창에 의해서만 치유된다" : 안노 히데아키는 가부장제의 옹호자인가?',
            },
          ],
        },
        {
          published: [
            {
              "#text": "2022-09-16T06:30:00.000Z",
            },
          ],
        },
        {
          updated: [
            {
              "#text": "2022-09-16T06:30:00.000Z",
            },
          ],
        },
        {
          author: [
            {
              name: [
                {
                  "#text": "손민석",
                },
              ],
            },
            {
              email: [
                {
                  "#text": "fpdlakstp@naver.com",
                },
              ],
            },
          ],
        },
        {
          category: [
            {
              "@label": "영화후기",
              "@scheme": "https://contents.premium.naver.com/historia9110/historia91/contents?categoryId=1825ce06e90000ugd",
              "@term": "1825ce06e90000ugd",
            },
          ],
        },
        {
          summary: [
            {
              "@type": "html",
            },
            {
              "#text": '<p><a href="https://contents.premium.naver.com/historia9110/historia91/contents/220916150838997mq">"상처는 너를 찌른 그 창에 의해서만 치유된다" : 안노 히데아키는 가부장제의 옹호자인가?</a></p>',
            },
          ],
        },
      ],
    },
    {
      entry: [
        {
          id: [
            {
              "#text": "https://contents.premium.naver.com/historia9110/historia91/contents/220911023208129hd",
            },
          ],
        },
        {
          link: [
            {
              "@href": "https://contents.premium.naver.com/historia9110/historia91/contents/220911023208129hd",
              "@rel": "alternate",
            },
          ],
        },
        {
          title: [
            {
              "#text": "뒤늦은 깨달음 : 러시아는 왜 전면전을 택했을까?",
            },
          ],
        },
        {
          published: [
            {
              "#text": "2022-09-10T23:00:00.000Z",
            },
          ],
        },
        {
          updated: [
            {
              "#text": "2022-09-11T08:24:59.125Z",
            },
          ],
        },
        {
          author: [
            {
              name: [
                {
                  "#text": "손민석",
                },
              ],
            },
            {
              email: [
                {
                  "#text": "fpdlakstp@naver.com",
                },
              ],
            },
          ],
        },
        {
          category: [
            {
              "@label": "시평",
              "@scheme": "https://contents.premium.naver.com/historia9110/historia91/contents?categoryId=1800259cf41000g4h",
              "@term": "1800259cf41000g4h",
            },
          ],
        },
        {
          summary: [
            {
              "@type": "html",
            },
            {
              "#text": '<p><a href="https://contents.premium.naver.com/historia9110/historia91/contents/220911023208129hd">뒤늦은 깨달음 : 러시아는 왜 전면전을 택했을까?</a></p>',
            },
          ],
        },
      ],
    },
    {
      entry: [
        {
          id: [
            {
              "#text": "https://contents.premium.naver.com/historia9110/historia91/contents/220903154905176mu",
            },
          ],
        },
        {
          link: [
            {
              "@href": "https://contents.premium.naver.com/historia9110/historia91/contents/220903154905176mu",
              "@rel": "alternate",
            },
          ],
        },
        {
          title: [
            {
              "#text": "우리의 바다를 찾아서 - '태평양 국가' 한국이 걸어온 길과 나아갈 길, 고정휴의 <태평양의 발견 - 대한민국의 탄생>(국학자료원, 2021) 서평 2부",
            },
          ],
        },
        {
          published: [
            {
              "#text": "2022-09-03T07:00:00.000Z",
            },
          ],
        },
        {
          updated: [
            {
              "#text": "2022-09-03T07:00:00.000Z",
            },
          ],
        },
        {
          author: [
            {
              name: [
                {
                  "#text": "손민석",
                },
              ],
            },
            {
              email: [
                {
                  "#text": "fpdlakstp@naver.com",
                },
              ],
            },
          ],
        },
        {
          category: [
            {
              "@label": "서평글 모음",
              "@scheme": "https://contents.premium.naver.com/historia9110/historia91/contents?categoryId=17feaa9cec5000qlg",
              "@term": "17feaa9cec5000qlg",
            },
          ],
        },
        {
          summary: [
            {
              "@type": "html",
            },
            {
              "#text": \`<p><a href="https://contents.premium.naver.com/historia9110/historia91/contents/220903154905176mu">우리의 바다를 찾아서 - '태평양 국가' 한국이 걸어온 길과 나아갈 길, 고정휴의 &lt;태평양의 발견 - 대한민국의 탄생&gt;(국학자료원, 2021) 서평 2부</a></p>\`,
            },
          ],
        },
      ],
    },
  ],
}
`;

snapshot[`Feed() 2`] = `
{
  feed: [
    {
      "@xmlns": "http://www.w3.org/2005/Atom",
    },
    {
      id: [
        {
          "#text": "https://exmaple.com/feed.xml",
        },
      ],
    },
    {
      link: [
        {
          "@href": "https://exmaple.com/feed.xml",
          "@rel": "self",
          "@type": "application/atom+xml",
        },
      ],
    },
    {
      link: [
        {
          "@href": "https://contents.premium.naver.com/astrotales/knowledge",
          "@rel": "alternate",
        },
      ],
    },
    {
      title: [
        {
          "#text": "신기하고 은밀한 천문학이야기 천일야화",
        },
      ],
    },
    {
      subtitle: [
        {
          "#text": "천문학자가 들려주는 그 누구도 알려주지 않던
신기하고 은밀한 천문학 이야기, 천일야화",
        },
      ],
    },
    {
      updated: [
        {
          "#text": "2022-11-30T14:15:22.628Z",
        },
      ],
    },
    {
      icon: [
        {
          "#text": "https://scs-phinf.pstatic.net/MjAyMTEyMDhfMTU3/MDAxNjM4OTQ4NzM1NjE4.oLyKgLw9NOIo0NIng4qh21mxRj1neHC_UPRKvZRmSx4g.Om9fnQWd7TMKeplXmOH2XHwCgKpHLdm8K0eoe8I2al0g.PNG/image%7Cpremium%7Cchannel%7Castrotales%7C2021%7C12%7C08%7C1638948735231.png?type=nfs200_200",
        },
      ],
    },
    {
      logo: [
        {
          "#text": "https://scs-phinf.pstatic.net/MjAyMTEyMDhfNjMg/MDAxNjM4OTQ4NzM5Njk4.3EU-hzwg--ipbzTldW-xNw8uAG-wmueiCMZNwmS1F-Ag.SgYkUTDL96EM0isirgjj6g8DFyaoEnr3UIltW8-YEKMg.PNG/image%7Cpremium%7Cchannel%7Castrotales%7C2021%7C12%7C08%7C1638948739661.png",
        },
      ],
    },
    {
      entry: [
        {
          id: [
            {
              "#text": "https://contents.premium.naver.com/astrotales/knowledge/contents/221130231522628gf",
            },
          ],
        },
        {
          link: [
            {
              "@href": "https://contents.premium.naver.com/astrotales/knowledge/contents/221130231522628gf",
              "@rel": "alternate",
            },
          ],
        },
        {
          title: [
            {
              "#text": '"어차피 맞을거면 정면은 좀..." 미세유성체 충돌을 피하기 위한 제임스 웹 망원경의 노력',
            },
          ],
        },
        {
          published: [
            {
              "#text": "2022-11-30T14:15:22.628Z",
            },
          ],
        },
        {
          updated: [
            {
              "#text": "2022-11-30T14:15:22.628Z",
            },
          ],
        },
        {
          author: [
            {
              name: [
                {
                  "#text": "Astroteller",
                },
              ],
            },
          ],
        },
        {
          category: [
            {
              "@label": "JWST 이야기",
              "@scheme": "https://contents.premium.naver.com/astrotales/knowledge/contents?categoryId=182536d8359000br2",
              "@term": "182536d8359000br2",
            },
          ],
        },
        {
          summary: [
            {
              "@type": "html",
            },
            {
              "#text": '<p><a href="https://contents.premium.naver.com/astrotales/knowledge/contents/221130231522628gf">"어차피 맞을거면 정면은 좀..." 미세유성체 충돌을 피하기 위한 제임스 웹 망원경의 노력</a></p>',
            },
          ],
        },
      ],
    },
    {
      entry: [
        {
          id: [
            {
              "#text": "https://contents.premium.naver.com/astrotales/knowledge/contents/221130231236046sh",
            },
          ],
        },
        {
          link: [
            {
              "@href": "https://contents.premium.naver.com/astrotales/knowledge/contents/221130231236046sh",
              "@rel": "alternate",
            },
          ],
        },
        {
          title: [
            {
              "#text": '당신이 몰랐을 창조의 기둥 "Pillars of Creation"과 관련된 흥미로운 사실들 - 2탄',
            },
          ],
        },
        {
          published: [
            {
              "#text": "2022-11-30T14:12:36.046Z",
            },
          ],
        },
        {
          updated: [
            {
              "#text": "2022-11-30T14:12:36.046Z",
            },
          ],
        },
        {
          author: [
            {
              name: [
                {
                  "#text": "Astroteller",
                },
              ],
            },
          ],
        },
        {
          category: [
            {
              "@label": "JWST 이야기",
              "@scheme": "https://contents.premium.naver.com/astrotales/knowledge/contents?categoryId=182536d8359000br2",
              "@term": "182536d8359000br2",
            },
          ],
        },
        {
          summary: [
            {
              "@type": "html",
            },
            {
              "#text": '<p><a href="https://contents.premium.naver.com/astrotales/knowledge/contents/221130231236046sh">당신이 몰랐을 창조의 기둥 "Pillars of Creation"과 관련된 흥미로운 사실들 - 2탄</a></p>',
            },
          ],
        },
      ],
    },
    {
      entry: [
        {
          id: [
            {
              "#text": "https://contents.premium.naver.com/astrotales/knowledge/contents/221031205242754jz",
            },
          ],
        },
        {
          link: [
            {
              "@href": "https://contents.premium.naver.com/astrotales/knowledge/contents/221031205242754jz",
              "@rel": "alternate",
            },
          ],
        },
        {
          title: [
            {
              "#text": '당신이 몰랐을 창조의 기둥 "Pillars of Creation"과 관련된 흥미로운 사실들 - 1탄',
            },
          ],
        },
        {
          published: [
            {
              "#text": "2022-10-31T11:52:42.754Z",
            },
          ],
        },
        {
          updated: [
            {
              "#text": "2022-10-31T12:32:25.461Z",
            },
          ],
        },
        {
          author: [
            {
              name: [
                {
                  "#text": "Astroteller",
                },
              ],
            },
          ],
        },
        {
          category: [
            {
              "@label": "천문학 이야기",
              "@scheme": "https://contents.premium.naver.com/astrotales/knowledge/contents?categoryId=18118ba9dc9000wjj",
              "@term": "18118ba9dc9000wjj",
            },
          ],
        },
        {
          summary: [
            {
              "@type": "html",
            },
            {
              "#text": '<p><a href="https://contents.premium.naver.com/astrotales/knowledge/contents/221031205242754jz">당신이 몰랐을 창조의 기둥 "Pillars of Creation"과 관련된 흥미로운 사실들 - 1탄</a></p>',
            },
          ],
        },
      ],
    },
    {
      entry: [
        {
          id: [
            {
              "#text": "https://contents.premium.naver.com/astrotales/knowledge/contents/221028164915027ot",
            },
          ],
        },
        {
          link: [
            {
              "@href": "https://contents.premium.naver.com/astrotales/knowledge/contents/221028164915027ot",
              "@rel": "alternate",
            },
          ],
        },
        {
          title: [
            {
              "#text": "대체 제임스 웹 우주 망원경은 수리도 어려운 그 우주에 내보낸거래? - 2탄, 대기소광",
            },
          ],
        },
        {
          published: [
            {
              "#text": "2022-10-28T07:49:15.027Z",
            },
          ],
        },
        {
          updated: [
            {
              "#text": "2022-10-28T07:49:31.562Z",
            },
          ],
        },
        {
          author: [
            {
              name: [
                {
                  "#text": "Astroteller",
                },
              ],
            },
          ],
        },
        {
          category: [
            {
              "@label": "JWST 이야기",
              "@scheme": "https://contents.premium.naver.com/astrotales/knowledge/contents?categoryId=182536d8359000br2",
              "@term": "182536d8359000br2",
            },
          ],
        },
        {
          summary: [
            {
              "@type": "html",
            },
            {
              "#text": '<p><a href="https://contents.premium.naver.com/astrotales/knowledge/contents/221028164915027ot">대체 제임스 웹 우주 망원경은 수리도 어려운 그 우주에 내보낸거래? - 2탄, 대기소광</a></p>',
            },
          ],
        },
      ],
    },
    {
      entry: [
        {
          id: [
            {
              "#text": "https://contents.premium.naver.com/astrotales/knowledge/contents/220930235729626qm",
            },
          ],
        },
        {
          link: [
            {
              "@href": "https://contents.premium.naver.com/astrotales/knowledge/contents/220930235729626qm",
              "@rel": "alternate",
            },
          ],
        },
        {
          title: [
            {
              "#text": "아니, 대체 제임스 웹 우주 망원경은 수리도 어려운 그 우주에 내보낸거래? - 1탄",
            },
          ],
        },
        {
          published: [
            {
              "#text": "2022-09-30T14:57:29.626Z",
            },
          ],
        },
        {
          updated: [
            {
              "#text": "2022-10-28T07:50:36.031Z",
            },
          ],
        },
        {
          author: [
            {
              name: [
                {
                  "#text": "Astroteller",
                },
              ],
            },
          ],
        },
        {
          category: [
            {
              "@label": "JWST 이야기",
              "@scheme": "https://contents.premium.naver.com/astrotales/knowledge/contents?categoryId=182536d8359000br2",
              "@term": "182536d8359000br2",
            },
          ],
        },
        {
          summary: [
            {
              "@type": "html",
            },
            {
              "#text": '<p><a href="https://contents.premium.naver.com/astrotales/knowledge/contents/220930235729626qm">아니, 대체 제임스 웹 우주 망원경은 수리도 어려운 그 우주에 내보낸거래? - 1탄</a></p>',
            },
          ],
        },
      ],
    },
    {
      entry: [
        {
          id: [
            {
              "#text": "https://contents.premium.naver.com/astrotales/knowledge/contents/220831225708347za",
            },
          ],
        },
        {
          link: [
            {
              "@href": "https://contents.premium.naver.com/astrotales/knowledge/contents/220831225708347za",
              "@rel": "alternate",
            },
          ],
        },
        {
          title: [
            {
              "#text": "SMACS 0723 은하단은 왜 JWST의 첫 공식 공개이미지가 될 수 밖에 없었나?",
            },
          ],
        },
        {
          published: [
            {
              "#text": "2022-08-31T13:57:08.347Z",
            },
          ],
        },
        {
          updated: [
            {
              "#text": "2022-08-31T14:00:39.284Z",
            },
          ],
        },
        {
          author: [
            {
              name: [
                {
                  "#text": "Astroteller",
                },
              ],
            },
          ],
        },
        {
          category: [
            {
              "@label": "JWST 이야기",
              "@scheme": "https://contents.premium.naver.com/astrotales/knowledge/contents?categoryId=182536d8359000br2",
              "@term": "182536d8359000br2",
            },
          ],
        },
        {
          summary: [
            {
              "@type": "html",
            },
            {
              "#text": '<p><a href="https://contents.premium.naver.com/astrotales/knowledge/contents/220831225708347za">SMACS 0723 은하단은 왜 JWST의 첫 공식 공개이미지가 될 수 밖에 없었나?</a></p>',
            },
          ],
        },
      ],
    },
    {
      entry: [
        {
          id: [
            {
              "#text": "https://contents.premium.naver.com/astrotales/knowledge/contents/220801025414697qo",
            },
          ],
        },
        {
          link: [
            {
              "@href": "https://contents.premium.naver.com/astrotales/knowledge/contents/220801025414697qo",
              "@rel": "alternate",
            },
          ],
        },
        {
          title: [
            {
              "#text": '"별"들의 잔치, 천문학계 올림픽이 올 해 부산에서 열린다고? 부산 국제천문연맹 총회 (2022.08.02 ~ 08.11, 부산 벡스코)',
            },
          ],
        },
        {
          published: [
            {
              "#text": "2022-07-31T17:54:14.697Z",
            },
          ],
        },
        {
          updated: [
            {
              "#text": "2022-07-31T17:56:50.802Z",
            },
          ],
        },
        {
          author: [
            {
              name: [
                {
                  "#text": "Astroteller",
                },
              ],
            },
          ],
        },
        {
          category: [
            {
              "@label": "천문늬우스",
              "@scheme": "https://contents.premium.naver.com/astrotales/knowledge/contents?categoryId=1822f1eeba6000wva",
              "@term": "1822f1eeba6000wva",
            },
          ],
        },
        {
          summary: [
            {
              "@type": "html",
            },
            {
              "#text": '<p><a href="https://contents.premium.naver.com/astrotales/knowledge/contents/220801025414697qo">"별"들의 잔치, 천문학계 올림픽이 올 해 부산에서 열린다고? 부산 국제천문연맹 총회 (2022.08.02 ~ 08.11, 부산 벡스코)</a></p>',
            },
          ],
        },
      ],
    },
    {
      entry: [
        {
          id: [
            {
              "#text": "https://contents.premium.naver.com/astrotales/knowledge/contents/220724162531306ow",
            },
          ],
        },
        {
          link: [
            {
              "@href": "https://contents.premium.naver.com/astrotales/knowledge/contents/220724162531306ow",
              "@rel": "alternate",
            },
          ],
        },
        {
          title: [
            {
              "#text": '나도 해외 천문학회에 참여할 수 있다고? "제미니 과학 학술대회 특별세션" 보러가자!',
            },
          ],
        },
        {
          published: [
            {
              "#text": "2022-07-24T07:25:31.306Z",
            },
          ],
        },
        {
          updated: [
            {
              "#text": "2022-07-31T08:46:54.468Z",
            },
          ],
        },
        {
          author: [
            {
              name: [
                {
                  "#text": "Astroteller",
                },
              ],
            },
          ],
        },
        {
          category: [
            {
              "@label": "천문늬우스",
              "@scheme": "https://contents.premium.naver.com/astrotales/knowledge/contents?categoryId=1822f1eeba6000wva",
              "@term": "1822f1eeba6000wva",
            },
          ],
        },
        {
          summary: [
            {
              "@type": "html",
            },
            {
              "#text": '<p><a href="https://contents.premium.naver.com/astrotales/knowledge/contents/220724162531306ow">나도 해외 천문학회에 참여할 수 있다고? "제미니 과학 학술대회 특별세션" 보러가자!</a></p>',
            },
          ],
        },
      ],
    },
    {
      entry: [
        {
          id: [
            {
              "#text": "https://contents.premium.naver.com/astrotales/knowledge/contents/220713022252264tg",
            },
          ],
        },
        {
          link: [
            {
              "@href": "https://contents.premium.naver.com/astrotales/knowledge/contents/220713022252264tg",
              "@rel": "alternate",
            },
          ],
        },
        {
          title: [
            {
              "#text": "제임스 웹 우주 망원경의 첫 영상들이 최초로 공개되던 날의 이야기",
            },
          ],
        },
        {
          published: [
            {
              "#text": "2022-07-12T17:22:52.264Z",
            },
          ],
        },
        {
          updated: [
            {
              "#text": "2022-07-31T08:46:30.398Z",
            },
          ],
        },
        {
          author: [
            {
              name: [
                {
                  "#text": "Astroteller",
                },
              ],
            },
          ],
        },
        {
          category: [
            {
              "@label": "JWST 이야기",
              "@scheme": "https://contents.premium.naver.com/astrotales/knowledge/contents?categoryId=182536d8359000br2",
              "@term": "182536d8359000br2",
            },
          ],
        },
        {
          summary: [
            {
              "@type": "html",
            },
            {
              "#text": '<p><a href="https://contents.premium.naver.com/astrotales/knowledge/contents/220713022252264tg">제임스 웹 우주 망원경의 첫 영상들이 최초로 공개되던 날의 이야기</a></p>',
            },
          ],
        },
      ],
    },
    {
      entry: [
        {
          id: [
            {
              "#text": "https://contents.premium.naver.com/astrotales/knowledge/contents/220712105931580qw",
            },
          ],
        },
        {
          link: [
            {
              "@href": "https://contents.premium.naver.com/astrotales/knowledge/contents/220712105931580qw",
              "@rel": "alternate",
            },
          ],
        },
        {
          title: [
            {
              "#text": "가장 멀고 은밀한 우주를 보여주는, 제임스 우주 망원경의 '첫' 타겟들!",
            },
          ],
        },
        {
          published: [
            {
              "#text": "2022-07-12T01:59:31.580Z",
            },
          ],
        },
        {
          updated: [
            {
              "#text": "2022-07-31T08:45:28.028Z",
            },
          ],
        },
        {
          author: [
            {
              name: [
                {
                  "#text": "Astroteller",
                },
              ],
            },
          ],
        },
        {
          category: [
            {
              "@label": "JWST 이야기",
              "@scheme": "https://contents.premium.naver.com/astrotales/knowledge/contents?categoryId=182536d8359000br2",
              "@term": "182536d8359000br2",
            },
          ],
        },
        {
          summary: [
            {
              "@type": "html",
            },
            {
              "#text": \`<p><a href="https://contents.premium.naver.com/astrotales/knowledge/contents/220712105931580qw">가장 멀고 은밀한 우주를 보여주는, 제임스 우주 망원경의 '첫' 타겟들!</a></p>\`,
            },
          ],
        },
      ],
    },
    {
      entry: [
        {
          id: [
            {
              "#text": "https://contents.premium.naver.com/astrotales/knowledge/contents/220630230401999by",
            },
          ],
        },
        {
          link: [
            {
              "@href": "https://contents.premium.naver.com/astrotales/knowledge/contents/220630230401999by",
              "@rel": "alternate",
            },
          ],
        },
        {
          title: [
            {
              "#text": "너 그거 아니? 원작자가 풀어놓는 '네이버 천체포스터'에 숨겨진 이야기들 - 2",
            },
          ],
        },
        {
          published: [
            {
              "#text": "2022-06-30T14:04:01.999Z",
            },
          ],
        },
        {
          updated: [
            {
              "#text": "2022-07-09T00:24:05.173Z",
            },
          ],
        },
        {
          author: [
            {
              name: [
                {
                  "#text": "Astroteller",
                },
              ],
            },
          ],
        },
        {
          category: [
            {
              "@label": "천문학 이야기",
              "@scheme": "https://contents.premium.naver.com/astrotales/knowledge/contents?categoryId=18118ba9dc9000wjj",
              "@term": "18118ba9dc9000wjj",
            },
          ],
        },
        {
          summary: [
            {
              "@type": "html",
            },
            {
              "#text": \`<p><a href="https://contents.premium.naver.com/astrotales/knowledge/contents/220630230401999by">너 그거 아니? 원작자가 풀어놓는 '네이버 천체포스터'에 숨겨진 이야기들 - 2</a></p>\`,
            },
          ],
        },
      ],
    },
    {
      entry: [
        {
          id: [
            {
              "#text": "https://contents.premium.naver.com/astrotales/knowledge/contents/220630010143420fs",
            },
          ],
        },
        {
          link: [
            {
              "@href": "https://contents.premium.naver.com/astrotales/knowledge/contents/220630010143420fs",
              "@rel": "alternate",
            },
          ],
        },
        {
          title: [
            {
              "#text": "사건의 지평선 망원경(EHT) 협력단, 인류 최초의 블랙홀 촬영으로 '아인슈타인 메달'을 받다!",
            },
          ],
        },
        {
          published: [
            {
              "#text": "2022-06-29T16:01:43.420Z",
            },
          ],
        },
        {
          updated: [
            {
              "#text": "2022-07-24T07:32:41.229Z",
            },
          ],
        },
        {
          author: [
            {
              name: [
                {
                  "#text": "Astroteller",
                },
              ],
            },
          ],
        },
        {
          category: [
            {
              "@label": "천문늬우스",
              "@scheme": "https://contents.premium.naver.com/astrotales/knowledge/contents?categoryId=1822f1eeba6000wva",
              "@term": "1822f1eeba6000wva",
            },
          ],
        },
        {
          summary: [
            {
              "@type": "html",
            },
            {
              "#text": \`<p><a href="https://contents.premium.naver.com/astrotales/knowledge/contents/220630010143420fs">사건의 지평선 망원경(EHT) 협력단, 인류 최초의 블랙홀 촬영으로 '아인슈타인 메달'을 받다!</a></p>\`,
            },
          ],
        },
      ],
    },
    {
      entry: [
        {
          id: [
            {
              "#text": "https://contents.premium.naver.com/astrotales/knowledge/contents/220531145007468mf",
            },
          ],
        },
        {
          link: [
            {
              "@href": "https://contents.premium.naver.com/astrotales/knowledge/contents/220531145007468mf",
              "@rel": "alternate",
            },
          ],
        },
        {
          title: [
            {
              "#text": "너 그거 아니? 원작자가 풀어놓는 '네이버 천체포스터'에 숨겨진 이야기들 - 1",
            },
          ],
        },
        {
          published: [
            {
              "#text": "2022-05-31T05:50:07.468Z",
            },
          ],
        },
        {
          updated: [
            {
              "#text": "2022-06-27T06:11:29.583Z",
            },
          ],
        },
        {
          author: [
            {
              name: [
                {
                  "#text": "Astroteller",
                },
              ],
            },
          ],
        },
        {
          category: [
            {
              "@label": "천문학 이야기",
              "@scheme": "https://contents.premium.naver.com/astrotales/knowledge/contents?categoryId=18118ba9dc9000wjj",
              "@term": "18118ba9dc9000wjj",
            },
          ],
        },
        {
          summary: [
            {
              "@type": "html",
            },
            {
              "#text": \`<p><a href="https://contents.premium.naver.com/astrotales/knowledge/contents/220531145007468mf">너 그거 아니? 원작자가 풀어놓는 '네이버 천체포스터'에 숨겨진 이야기들 - 1</a></p>\`,
            },
          ],
        },
      ],
    },
    {
      entry: [
        {
          id: [
            {
              "#text": "https://contents.premium.naver.com/astrotales/knowledge/contents/220531125514721ky",
            },
          ],
        },
        {
          link: [
            {
              "@href": "https://contents.premium.naver.com/astrotales/knowledge/contents/220531125514721ky",
              "@rel": "alternate",
            },
          ],
        },
        {
          title: [
            {
              "#text": "[마이다낙 천문대 원정기 6]교수님도 모르시던 비하인드 스토리 : 뜯을 땐 몰랐지, 복구는 또 다른 문제인 것을",
            },
          ],
        },
        {
          published: [
            {
              "#text": "2022-05-31T03:55:14.721Z",
            },
          ],
        },
        {
          updated: [
            {
              "#text": "2022-07-01T09:55:29.793Z",
            },
          ],
        },
        {
          author: [
            {
              name: [
                {
                  "#text": "Astroteller",
                },
              ],
            },
          ],
        },
        {
          category: [
            {
              "@label": "관측 이야기",
              "@scheme": "https://contents.premium.naver.com/astrotales/knowledge/contents?categoryId=17e5bff79ec000aia",
              "@term": "17e5bff79ec000aia",
            },
          ],
        },
        {
          summary: [
            {
              "@type": "html",
            },
            {
              "#text": '<p><a href="https://contents.premium.naver.com/astrotales/knowledge/contents/220531125514721ky">[마이다낙 천문대 원정기 6]교수님도 모르시던 비하인드 스토리 : 뜯을 땐 몰랐지, 복구는 또 다른 문제인 것을</a></p>',
            },
          ],
        },
      ],
    },
    {
      entry: [
        {
          id: [
            {
              "#text": "https://contents.premium.naver.com/astrotales/knowledge/contents/220430205303213Hv",
            },
          ],
        },
        {
          link: [
            {
              "@href": "https://contents.premium.naver.com/astrotales/knowledge/contents/220430205303213Hv",
              "@rel": "alternate",
            },
          ],
        },
        {
          title: [
            {
              "#text": "[HST 이야기] 허블우주망원경의 32번째 생일을 축하하며 춤을 추는 다섯 은하들",
            },
          ],
        },
        {
          published: [
            {
              "#text": "2022-04-30T11:53:03.213Z",
            },
          ],
        },
        {
          updated: [
            {
              "#text": "2022-04-30T11:53:03.213Z",
            },
          ],
        },
        {
          author: [
            {
              name: [
                {
                  "#text": "Astroteller",
                },
              ],
            },
          ],
        },
        {
          category: [
            {
              "@label": "망원경 이야기",
              "@scheme": "https://contents.premium.naver.com/astrotales/knowledge/contents?categoryId=17e385420c8000erx",
              "@term": "17e385420c8000erx",
            },
          ],
        },
        {
          summary: [
            {
              "@type": "html",
            },
            {
              "#text": '<p><a href="https://contents.premium.naver.com/astrotales/knowledge/contents/220430205303213Hv">[HST 이야기] 허블우주망원경의 32번째 생일을 축하하며 춤을 추는 다섯 은하들</a></p>',
            },
          ],
        },
      ],
    },
    {
      entry: [
        {
          id: [
            {
              "#text": "https://contents.premium.naver.com/astrotales/knowledge/contents/220411111450655Qp",
            },
          ],
        },
        {
          link: [
            {
              "@href": "https://contents.premium.naver.com/astrotales/knowledge/contents/220411111450655Qp",
              "@rel": "alternate",
            },
          ],
        },
        {
          title: [
            {
              "#text": "세상이 열광하는 JWST의 광축 정렬 이미지에 숨겨진 이야기들",
            },
          ],
        },
        {
          published: [
            {
              "#text": "2022-04-11T02:14:50.655Z",
            },
          ],
        },
        {
          updated: [
            {
              "#text": "2022-07-31T08:47:30.170Z",
            },
          ],
        },
        {
          author: [
            {
              name: [
                {
                  "#text": "Astroteller",
                },
              ],
            },
          ],
        },
        {
          category: [
            {
              "@label": "JWST 이야기",
              "@scheme": "https://contents.premium.naver.com/astrotales/knowledge/contents?categoryId=182536d8359000br2",
              "@term": "182536d8359000br2",
            },
          ],
        },
        {
          summary: [
            {
              "@type": "html",
            },
            {
              "#text": '<p><a href="https://contents.premium.naver.com/astrotales/knowledge/contents/220411111450655Qp">세상이 열광하는 JWST의 광축 정렬 이미지에 숨겨진 이야기들</a></p>',
            },
          ],
        },
      ],
    },
    {
      entry: [
        {
          id: [
            {
              "#text": "https://contents.premium.naver.com/astrotales/knowledge/contents/220306141540563JX",
            },
          ],
        },
        {
          link: [
            {
              "@href": "https://contents.premium.naver.com/astrotales/knowledge/contents/220306141540563JX",
              "@rel": "alternate",
            },
          ],
        },
        {
          title: [
            {
              "#text": "[마이다낙 천문대 원정기 5] 천문학자에게 꼭 필요한 능력, 상황판단력, 위기대처능력 : 순탄치 않은 SNUCAM 기기설치",
            },
          ],
        },
        {
          published: [
            {
              "#text": "2022-03-06T05:15:40.563Z",
            },
          ],
        },
        {
          updated: [
            {
              "#text": "2022-03-06T06:18:29.918Z",
            },
          ],
        },
        {
          author: [
            {
              name: [
                {
                  "#text": "Astroteller",
                },
              ],
            },
          ],
        },
        {
          category: [
            {
              "@label": "관측 이야기",
              "@scheme": "https://contents.premium.naver.com/astrotales/knowledge/contents?categoryId=17e5bff79ec000aia",
              "@term": "17e5bff79ec000aia",
            },
          ],
        },
        {
          summary: [
            {
              "@type": "html",
            },
            {
              "#text": '<p><a href="https://contents.premium.naver.com/astrotales/knowledge/contents/220306141540563JX">[마이다낙 천문대 원정기 5] 천문학자에게 꼭 필요한 능력, 상황판단력, 위기대처능력 : 순탄치 않은 SNUCAM 기기설치</a></p>',
            },
          ],
        },
      ],
    },
    {
      entry: [
        {
          id: [
            {
              "#text": "https://contents.premium.naver.com/astrotales/knowledge/contents/220131165452431Ys",
            },
          ],
        },
        {
          link: [
            {
              "@href": "https://contents.premium.naver.com/astrotales/knowledge/contents/220131165452431Ys",
              "@rel": "alternate",
            },
          ],
        },
        {
          title: [
            {
              "#text": "[마이다낙 천문대 원정기 4]  SMIGOL 원정대, 우즈벡 입성! : 마이다낙 천문대로 가는 길",
            },
          ],
        },
        {
          published: [
            {
              "#text": "2022-01-31T07:54:52.431Z",
            },
          ],
        },
        {
          updated: [
            {
              "#text": "2022-03-06T04:47:03.611Z",
            },
          ],
        },
        {
          author: [
            {
              name: [
                {
                  "#text": "Astroteller",
                },
              ],
            },
          ],
        },
        {
          category: [
            {
              "@label": "관측 이야기",
              "@scheme": "https://contents.premium.naver.com/astrotales/knowledge/contents?categoryId=17e5bff79ec000aia",
              "@term": "17e5bff79ec000aia",
            },
          ],
        },
        {
          summary: [
            {
              "@type": "html",
            },
            {
              "#text": '<p><a href="https://contents.premium.naver.com/astrotales/knowledge/contents/220131165452431Ys">[마이다낙 천문대 원정기 4]  SMIGOL 원정대, 우즈벡 입성! : 마이다낙 천문대로 가는 길</a></p>',
            },
          ],
        },
      ],
    },
    {
      entry: [
        {
          id: [
            {
              "#text": "https://contents.premium.naver.com/astrotales/knowledge/contents/220123173324748rr",
            },
          ],
        },
        {
          link: [
            {
              "@href": "https://contents.premium.naver.com/astrotales/knowledge/contents/220123173324748rr",
              "@rel": "alternate",
            },
          ],
        },
        {
          title: [
            {
              "#text": "[마이다낙 천문대 원정기 3] 정수 필터, 드라이 샴푸, 무선통신장치가 웬 말이야? (천문대 원정 준비-사람편)",
            },
          ],
        },
        {
          published: [
            {
              "#text": "2022-01-23T08:33:24.748Z",
            },
          ],
        },
        {
          updated: [
            {
              "#text": "2022-01-31T03:58:34.727Z",
            },
          ],
        },
        {
          author: [
            {
              name: [
                {
                  "#text": "Astroteller",
                },
              ],
            },
          ],
        },
        {
          category: [
            {
              "@label": "관측 이야기",
              "@scheme": "https://contents.premium.naver.com/astrotales/knowledge/contents?categoryId=17e5bff79ec000aia",
              "@term": "17e5bff79ec000aia",
            },
          ],
        },
        {
          summary: [
            {
              "@type": "html",
            },
            {
              "#text": '<p><a href="https://contents.premium.naver.com/astrotales/knowledge/contents/220123173324748rr">[마이다낙 천문대 원정기 3] 정수 필터, 드라이 샴푸, 무선통신장치가 웬 말이야? (천문대 원정 준비-사람편)</a></p>',
            },
          ],
        },
      ],
    },
    {
      entry: [
        {
          id: [
            {
              "#text": "https://contents.premium.naver.com/astrotales/knowledge/contents/220123173233858po",
            },
          ],
        },
        {
          link: [
            {
              "@href": "https://contents.premium.naver.com/astrotales/knowledge/contents/220123173233858po",
              "@rel": "alternate",
            },
          ],
        },
        {
          title: [
            {
              "#text": "[마이다낙 천문대 원정기 2]   천문학자들의 관측은 수개월 전부터 시작된다 (천문대 원정 준비-기기편)",
            },
          ],
        },
        {
          published: [
            {
              "#text": "2022-01-23T08:32:33.858Z",
            },
          ],
        },
        {
          updated: [
            {
              "#text": "2022-01-31T03:58:55.919Z",
            },
          ],
        },
        {
          author: [
            {
              name: [
                {
                  "#text": "Astroteller",
                },
              ],
            },
          ],
        },
        {
          category: [
            {
              "@label": "관측 이야기",
              "@scheme": "https://contents.premium.naver.com/astrotales/knowledge/contents?categoryId=17e5bff79ec000aia",
              "@term": "17e5bff79ec000aia",
            },
          ],
        },
        {
          summary: [
            {
              "@type": "html",
            },
            {
              "#text": '<p><a href="https://contents.premium.naver.com/astrotales/knowledge/contents/220123173233858po">[마이다낙 천문대 원정기 2]   천문학자들의 관측은 수개월 전부터 시작된다 (천문대 원정 준비-기기편)</a></p>',
            },
          ],
        },
      ],
    },
  ],
}
`;
